// Jest Snapshot v1, https://goo.gl/fbAQLP

exports[`Renders correctly 1`] = `
<RNGestureHandlerButton
  collapsable={false}
  exclusive={true}
  onGestureEvent={[Function]}
  onGestureHandlerEvent={[Function]}
  onGestureHandlerStateChange={[Function]}
  onHandlerStateChange={[Function]}
  rippleColor={0}
  style={
    Object {
      "flex": 1,
      "margin": 5,
      "width": "100%",
    }
  }
>
  <View
    accessible={true}
    style={
      Object {
        "opacity": 1,
      }
    }
  >
    <View
      accessibilityIgnoresInvertColors={true}
      style={
        Object {
          "flex": 1,
          "height": 200,
          "justifyContent": "flex-end",
        }
      }
    >
      <Image
        source={
          Object {
            "uri": "sample_url",
          }
        }
        style={
          Array [
            Object {
              "bottom": 0,
              "left": 0,
              "position": "absolute",
              "right": 0,
              "top": 0,
            },
            Object {
              "height": 200,
              "width": undefined,
            },
            undefined,
          ]
        }
      />
      <View
        style={
          Object {
            "backgroundColor": "rgba(0,0,0,0.5)",
            "paddingHorizontal": 10,
            "paddingVertical": 10,
          }
        }
      >
        <Text
          numberOfLines={1}
          style={
            Object {
              "color": "#ffff",
              "fontFamily": "InterBold",
            }
          }
        >
          test
        </Text>
        <Text
          style={
            Object {
              "color": "#ffff",
              "fontFamily": "InterRegular",
            }
          }
        >
          alive-alien
        </Text>
      </View>
    </View>
  </View>
</RNGestureHandlerButton>
`;
